Copyright 1986-2014 Xilinx, Inc. All Rights Reserved.
-------------------------------------------------------------------------------------------------------------------------------------------------
| Tool Version : Vivado v.2014.2 (win64) Build 932637 Wed Jun 11 13:33:10 MDT 2014
| Date         : Sat Jun 23 00:27:38 2018
| Host         : LAPTOP-QPRR3A3L running 64-bit major release  (build 9200)
| Command      : report_timing_summary -warn_on_violation -file display_cpu2_timing_summary_routed.rpt -pb display_cpu2_timing_summary_routed.pb
| Design       : display_cpu2
| Device       : 7a35t-cpg236
| Speed File   : -1  PRELIMINARY 1.12 2014-03-13
-------------------------------------------------------------------------------------------------------------------------------------------------

Timing Summary Report

------------------------------------------------------------------------------------------------
| Timer Settings
| --------------
------------------------------------------------------------------------------------------------

  Enable Multi Corner Analysis               :  Yes
  Enable Pessimism Removal                   :  Yes
  Pessimism Removal Resolution               :  Nearest Common Node
  Enable Input Delay Default Clock           :  No
  Enable Preset / Clear Arcs                 :  No
  Disable Flight Delays                      :  No

  Corner  Analyze    Analyze    
  Name    Max Paths  Min Paths  
  ------  ---------  ---------  
  Slow    Yes        Yes        
  Fast    Yes        Yes        



check_timing report

Table of Contents
-----------------
1. checking no_clock
2. checking constant clock
3. checking pulse_width_clock
4. checking unconstrained_internal_endpoints
5. checking no_input_delay
6. checking no_output_delay
7. checking multiple_clock
8. checking generated_clocks
9. checking loops
10. checking partial_input_delay
11. checking partial_output_delay
12. checking unexpandable_clocks
13. checking latch_loops

1. checking no_clock
--------------------
 There are 72 register/latch pins with no clock driven by root clock pin: clock (HIGH)

 There are 4 register/latch pins with no clock driven by root clock pin: U0/FSM_onehot_count_reg[1]/C (HIGH)

 There are 4 register/latch pins with no clock driven by root clock pin: U0/FSM_onehot_count_reg[2]/C (HIGH)

 There are 4 register/latch pins with no clock driven by root clock pin: U0/FSM_onehot_count_reg[3]/C (HIGH)

 There are 4 register/latch pins with no clock driven by root clock pin: U0/FSM_onehot_count_reg[4]/C (HIGH)

 There are 4 register/latch pins with no clock driven by root clock pin: U0/FSM_onehot_count_reg[5]/C (HIGH)

 There are 5 register/latch pins with no clock driven by root clock pin: U1/clk_sys_reg/C (HIGH)

 There are 310 register/latch pins with no clock driven by root clock pin: f/key_out_reg_reg/C (HIGH)

 There are 512 register/latch pins with no clock driven by root clock pin: uut/ALUoutDR/out_reg[0]_rep/C (HIGH)

 There are 512 register/latch pins with no clock driven by root clock pin: uut/ALUoutDR/out_reg[10]/C (HIGH)

 There are 512 register/latch pins with no clock driven by root clock pin: uut/ALUoutDR/out_reg[11]/C (HIGH)

 There are 512 register/latch pins with no clock driven by root clock pin: uut/ALUoutDR/out_reg[12]/C (HIGH)

 There are 512 register/latch pins with no clock driven by root clock pin: uut/ALUoutDR/out_reg[13]/C (HIGH)

 There are 512 register/latch pins with no clock driven by root clock pin: uut/ALUoutDR/out_reg[14]/C (HIGH)

 There are 512 register/latch pins with no clock driven by root clock pin: uut/ALUoutDR/out_reg[15]/C (HIGH)

 There are 512 register/latch pins with no clock driven by root clock pin: uut/ALUoutDR/out_reg[16]/C (HIGH)

 There are 512 register/latch pins with no clock driven by root clock pin: uut/ALUoutDR/out_reg[17]/C (HIGH)

 There are 512 register/latch pins with no clock driven by root clock pin: uut/ALUoutDR/out_reg[18]/C (HIGH)

 There are 512 register/latch pins with no clock driven by root clock pin: uut/ALUoutDR/out_reg[19]/C (HIGH)

 There are 512 register/latch pins with no clock driven by root clock pin: uut/ALUoutDR/out_reg[1]_rep/C (HIGH)

 There are 512 register/latch pins with no clock driven by root clock pin: uut/ALUoutDR/out_reg[20]/C (HIGH)

 There are 512 register/latch pins with no clock driven by root clock pin: uut/ALUoutDR/out_reg[21]/C (HIGH)

 There are 512 register/latch pins with no clock driven by root clock pin: uut/ALUoutDR/out_reg[22]/C (HIGH)

 There are 512 register/latch pins with no clock driven by root clock pin: uut/ALUoutDR/out_reg[23]/C (HIGH)

 There are 512 register/latch pins with no clock driven by root clock pin: uut/ALUoutDR/out_reg[24]/C (HIGH)

 There are 512 register/latch pins with no clock driven by root clock pin: uut/ALUoutDR/out_reg[25]/C (HIGH)

 There are 512 register/latch pins with no clock driven by root clock pin: uut/ALUoutDR/out_reg[26]/C (HIGH)

 There are 512 register/latch pins with no clock driven by root clock pin: uut/ALUoutDR/out_reg[27]/C (HIGH)

 There are 512 register/latch pins with no clock driven by root clock pin: uut/ALUoutDR/out_reg[28]/C (HIGH)

 There are 512 register/latch pins with no clock driven by root clock pin: uut/ALUoutDR/out_reg[29]/C (HIGH)

 There are 512 register/latch pins with no clock driven by root clock pin: uut/ALUoutDR/out_reg[2]/C (HIGH)

 There are 512 register/latch pins with no clock driven by root clock pin: uut/ALUoutDR/out_reg[30]/C (HIGH)

 There are 512 register/latch pins with no clock driven by root clock pin: uut/ALUoutDR/out_reg[31]/C (HIGH)

 There are 512 register/latch pins with no clock driven by root clock pin: uut/ALUoutDR/out_reg[3]/C (HIGH)

 There are 512 register/latch pins with no clock driven by root clock pin: uut/ALUoutDR/out_reg[4]/C (HIGH)

 There are 512 register/latch pins with no clock driven by root clock pin: uut/ALUoutDR/out_reg[5]/C (HIGH)

 There are 512 register/latch pins with no clock driven by root clock pin: uut/ALUoutDR/out_reg[6]/C (HIGH)

 There are 512 register/latch pins with no clock driven by root clock pin: uut/ALUoutDR/out_reg[7]/C (HIGH)

 There are 512 register/latch pins with no clock driven by root clock pin: uut/ALUoutDR/out_reg[8]/C (HIGH)

 There are 512 register/latch pins with no clock driven by root clock pin: uut/ALUoutDR/out_reg[9]/C (HIGH)

 There are 581 register/latch pins with no clock driven by root clock pin: uut/controlunit/FSM_onehot_presentState_reg[0]/C (HIGH)

 There are 37 register/latch pins with no clock driven by root clock pin: uut/controlunit/FSM_onehot_presentState_reg[1]/C (HIGH)

 There are 581 register/latch pins with no clock driven by root clock pin: uut/controlunit/FSM_onehot_presentState_reg[3]/C (HIGH)

 There are 581 register/latch pins with no clock driven by root clock pin: uut/controlunit/FSM_onehot_presentState_reg[4]/C (HIGH)

 There are 581 register/latch pins with no clock driven by root clock pin: uut/controlunit/FSM_onehot_presentState_reg[5]/C (HIGH)

 There are 544 register/latch pins with no clock driven by root clock pin: uut/insMem/DataOut_reg[26]/C (HIGH)

 There are 549 register/latch pins with no clock driven by root clock pin: uut/insMem/DataOut_reg[27]/C (HIGH)

 There are 549 register/latch pins with no clock driven by root clock pin: uut/insMem/DataOut_reg[28]/C (HIGH)

 There are 549 register/latch pins with no clock driven by root clock pin: uut/insMem/DataOut_reg[29]/C (HIGH)

 There are 549 register/latch pins with no clock driven by root clock pin: uut/insMem/DataOut_reg[30]/C (HIGH)

 There are 549 register/latch pins with no clock driven by root clock pin: uut/insMem/DataOut_reg[31]/C (HIGH)


2. checking constant clock
--------------------------
 There are 0 register/latch pins with constant_clock.


3. checking pulse_width_clock
-----------------------------
 There are 0 register/latch pins which need pulse_width check


4. checking unconstrained_internal_endpoints
--------------------------------------------
 There are 1742 pins that are not constrained for maximum delay. (HIGH)

 There are 0 pins that are not constrained for maximum delay due to constant clock.


5. checking no_input_delay
--------------------------
 There are 5 input ports with no input delay specified. (HIGH)

 There are 0 input ports with no input delay but user has a false path constraint.


6. checking no_output_delay
---------------------------
 There are 11 ports with no output delay specified. (HIGH)

 There are 0 ports with no output delay but user has a false path constraint

 There are 0 ports with no output delay but has a clock definition.


7. checking multiple_clock
--------------------------
 There are 0 register/latch pins with multiple clocks.


8. checking generated_clocks
----------------------------
 There are 0 generated clocks that are not connected to a clock source.


9. checking loops
-----------------
 There are 0 combinational loops in the design.


10. checking partial_input_delay
--------------------------------
 There are 0 input ports with partial input delay specified.


11. checking partial_output_delay
---------------------------------
 There are 0 ports with partial output delay specified.


12. checking unexpandable_clocks
--------------------------------
 There are 0 unexpandable clock pairs.


13. checking latch_loops
------------------------
 There are 0 combinational latch loops in the design through latch input



------------------------------------------------------------------------------------------------
| Design Timing Summary
| ---------------------
------------------------------------------------------------------------------------------------

    WNS(ns)      TNS(ns)  TNS Failing Endpoints  TNS Total Endpoints      WHS(ns)      THS(ns)  THS Failing Endpoints  THS Total Endpoints     WPWS(ns)     TPWS(ns)  TPWS Failing Endpoints  TPWS Total Endpoints  
    -------      -------  ---------------------  -------------------      -------      -------  ---------------------  -------------------     --------     --------  ----------------------  --------------------  
         NA           NA                     NA                   NA           NA           NA                     NA                   NA           NA           NA                      NA                    NA  


All user specified timing constraints are met.


------------------------------------------------------------------------------------------------
| Clock Summary
| -------------
------------------------------------------------------------------------------------------------


------------------------------------------------------------------------------------------------
| Intra Clock Table
| -----------------
------------------------------------------------------------------------------------------------

Clock             WNS(ns)      TNS(ns)  TNS Failing Endpoints  TNS Total Endpoints      WHS(ns)      THS(ns)  THS Failing Endpoints  THS Total Endpoints     WPWS(ns)     TPWS(ns)  TPWS Failing Endpoints  TPWS Total Endpoints  
-----             -------      -------  ---------------------  -------------------      -------      -------  ---------------------  -------------------     --------     --------  ----------------------  --------------------  


------------------------------------------------------------------------------------------------
| Inter Clock Table
| -----------------
------------------------------------------------------------------------------------------------

From Clock    To Clock          WNS(ns)      TNS(ns)  TNS Failing Endpoints  TNS Total Endpoints      WHS(ns)      THS(ns)  THS Failing Endpoints  THS Total Endpoints  
----------    --------          -------      -------  ---------------------  -------------------      -------      -------  ---------------------  -------------------  


------------------------------------------------------------------------------------------------
| Other Path Groups Table
| -----------------------
------------------------------------------------------------------------------------------------

Path Group    From Clock    To Clock          WNS(ns)      TNS(ns)  TNS Failing Endpoints  TNS Total Endpoints      WHS(ns)      THS(ns)  THS Failing Endpoints  THS Total Endpoints  
----------    ----------    --------          -------      -------  ---------------------  -------------------      -------      -------  ---------------------  -------------------  


------------------------------------------------------------------------------------------------
| Timing Details
| --------------
------------------------------------------------------------------------------------------------


